C51 COMPILER V9.54   ALARM                                                                 06/16/2016 11:58:37 PAGE 1   


C51 COMPILER V9.54, COMPILATION OF MODULE ALARM
OBJECT MODULE PLACED IN .\Objects\Alarm.obj
COMPILER INVOKED BY: D:\Program Files (x86)\Keil_v5\C51\BIN\C51.EXE Alarm.c ROM(COMPACT) OPTIMIZE(8,SPEED) BROWSE DEBUG 
                    -OBJECTEXTEND PRINT(.\Listings\Alarm.lst) TABS(3) OBJECT(.\Objects\Alarm.obj)

line level    source

   1          /*------------------------------------------------------------------*-
   2             A.C (v1.00)
   3            ------------------------------------------------------------------
   4             Simple switch interface code, with software debounce.
   5          
   6             COPYRIGHT
   7             ---------
   8             This code is copyright (c) 2001 by Richard Zhang.
   9          -*------------------------------------------------------------------*/
  10          
  11          #include "Main.h"
  12          #include "Port.h"
  13          
  14          #include "Alarm.h"
  15          #include "IIC.h"
  16          #include "Speech.h"
  17          #include "Timer.h"
  18          #include "Receiver.h"
  19          
  20          // ------ Public variable definitions ------------------------------
  21          
  22          // ------ Public variable declarations -----------------------------
  23          extern bit KBI_G;
  24          extern bit Alarm_G;
  25          extern tByte hSCH_sleep_EN_time;
  26          
  27          // ------ Private variables ----------------------------------------
  28          
  29          // ------ Private constants ----------------------------------------
  30          
  31          
  32          /*------------------------------------------------------------------*-
  33            Alarm_Init()
  34            Initialisation function for the switch library.
  35          -*------------------------------------------------------------------*/
  36          void Alarm_Init(void)
  37             {
  38   1         }
  39          
  40          /*------------------------------------------------------------------*-
  41            Alarm_update()
  42            Initialisation function for the switch library.
  43          -*------------------------------------------------------------------*/
  44          void Alarm_update(void)
  45             {
  46   1         Analyse_KBI();
  47   1         
  48   1         
  49   1         if(Alarm_G)
  50   1            {
  51   2            RXD_power_on();
  52   2            Goto_speech(Siren);
  53   2            hSCH_sleep_EN_time = 0;
  54   2            }
C51 COMPILER V9.54   ALARM                                                                 06/16/2016 11:58:37 PAGE 2   

  55   1         }
  56          
  57          /*------------------------------------------------------------------*-
  58            Analyse_KBI()
  59            Initialisation function for the switch library.
  60          -*------------------------------------------------------------------*/
  61          void Analyse_KBI(void)
  62             {
  63   1         if(KBI_G)
  64   1            {     
  65   2            KBI_G = 0;  
  66   2            }  
  67   1         }
  68             
  69          /*------------------------------------------------------------------*-
  70            ---- END OF FILE -------------------------------------------------
  71          -*------------------------------------------------------------------*/


MODULE INFORMATION:   STATIC OVERLAYABLE
   CODE SIZE        =     25    ----
   CONSTANT SIZE    =   ----    ----
   XDATA SIZE       =   ----    ----
   PDATA SIZE       =   ----    ----
   DATA SIZE        =   ----    ----
   IDATA SIZE       =   ----    ----
   BIT SIZE         =   ----    ----
END OF MODULE INFORMATION.


C51 COMPILATION COMPLETE.  0 WARNING(S),  0 ERROR(S)
