C51 COMPILER V9.54   DDC_LOCKTEST_FUNCTION                                                 02/02/2016 10:30:51 PAGE 1   


C51 COMPILER V9.54, COMPILATION OF MODULE DDC_LOCKTEST_FUNCTION
OBJECT MODULE PLACED IN .\Objects\DDC-Locktest-Function.obj
COMPILER INVOKED BY: D:\Program Files (x86)\Keil_v5\C51\BIN\C51.EXE DDC-Locktest-Function.c COMPACT ROM(COMPACT) OPTIMIZ
                    -E(8,SPEED) BROWSE DEBUG OBJECTEXTEND PRINT(.\Listings\DDC-Locktest-Function.lst) TABS(3) OBJECT(.\Objects\DDC-Locktest-F
                    -unction.obj)

line level    source

   1          /*------------------------------------------------------------------*-
   2             Delay.C (v1.00)
   3            ------------------------------------------------------------------
   4             Delay program for other program.
   5          
   6             COPYRIGHT
   7             ---------
   8             This code is copyright (c) 2001 by Richard Zhang.
   9          -*------------------------------------------------------------------*/
  10          
  11          #include "Main.h"
  12          #include "Port.h"
  13          
  14          #include "DDC-Locktest-Function.h"
  15          #include "UART.h"
  16          #include "Speech.h"
  17          #include "Sensor.h"
  18          
  19          // ------ Public variable definitions ------------------------------
  20          
  21          // ------ Public variable declarations -----------------------------
  22          extern bit ID_certificated_G;
  23          extern bit Auto_close_G;
  24          extern bit Silent_mode_G;
  25          extern tByte Sensor_time;
  26          
  27          // ------ Private variables ----------------------------------------
  28          
  29          // ------ Private constants ----------------------------------------
  30          
  31          /*------------------------------------------------------------------*-
  32            Locktest_update_1()
  33            Initialisation function for the switch library.
  34          -*------------------------------------------------------------------*/
  35          void Locktest_update_1(void)
  36             {
  37   1         if(Key_switch == 1)
  38   1            {
  39   2            Silent_mode_G = 1;
  40   2            ID_certificated_G = 1;
  41   2            }
  42   1         }
  43          
  44          /*------------------------------------------------------------------*-
  45            Locktest_update_2()
  46            Initialisation function for the switch library.
  47          -*------------------------------------------------------------------*/
  48          void Locktest_update_2(void)
  49             {
  50   1         if(Key_switch == 1)
  51   1            {
  52   2            Silent_mode_G = 1;
  53   2            Auto_close_G = 1;
C51 COMPILER V9.54   DDC_LOCKTEST_FUNCTION                                                 02/02/2016 10:30:51 PAGE 2   

  54   2            }
  55   1         }
  56          
  57          /*------------------------------------------------------------------*-
  58            Locktest_update_3()
  59            Initialisation function for the switch library.
  60          -*------------------------------------------------------------------*/
  61          void Locktest_update_3(void)
  62             {
  63   1         if((!Horizontal_sensor)&&(Key_switch == 0))
  64   1            {
  65   2            Sensor_time += 1;
  66   2            if(Sensor_time >= 1)
  67   2               {
  68   3               Sensor_time = 0;
  69   3               Goto_speech(Tick);
  70   3               }
  71   2            }
  72   1         }
  73          
  74          /*------------------------------------------------------------------*-
  75            Locktest_init()
  76            Initialisation function for the switch library.
  77          -*------------------------------------------------------------------*/
  78          void Locktest_init(void)
  79             {
  80   1         Silent_mode_G = 1;
  81   1         ID_certificated_G = 0;
  82   1         Auto_close_G = 0;
  83   1         }
  84          
  85          /*------------------------------------------------------------------*-
  86            ---- END OF FILE -------------------------------------------------
  87          -*------------------------------------------------------------------*/


MODULE INFORMATION:   STATIC OVERLAYABLE
   CODE SIZE        =     48    ----
   CONSTANT SIZE    =   ----    ----
   XDATA SIZE       =   ----    ----
   PDATA SIZE       =   ----    ----
   DATA SIZE        =   ----    ----
   IDATA SIZE       =   ----    ----
   BIT SIZE         =   ----    ----
END OF MODULE INFORMATION.


C51 COMPILATION COMPLETE.  0 WARNING(S),  0 ERROR(S)
