C51 COMPILER V9.54   TIMER                                                                 07/30/2015 15:49:33 PAGE 1   


C51 COMPILER V9.54, COMPILATION OF MODULE TIMER
OBJECT MODULE PLACED IN .\Objects\Timer.obj
COMPILER INVOKED BY: D:\Program Files (x86)\Keil_v5\C51\BIN\C51.EXE Timer.c LARGE ROM(COMPACT) OPTIMIZE(8,SPEED) BROWSE 
                    -DEBUG OBJECTEXTEND PRINT(.\Listings\Timer.lst) TABS(3) OBJECT(.\Objects\Timer.obj)

line level    source

   1          /*---------------------------------------------------
   2             Timer.c (v1.00)   
   3             Timer functions
   4          ---------------------------------------------------*/ 
   5          
   6          #include "Main.h"
   7          #include "Port.h"
   8          
   9          #include "Timer.h"
  10          #include "hSch51.h"
  11          
  12          // ------ Public variable declarations -----------------------------
  13          extern sTaskH hSCH_tasks_G[hSCH_MAX_TASKS];
  14          
  15          // ------ Private variable definitions -----------------------------
  16          tByte timer0_8H, timer0_8L, timer1_8H, timer1_8L;     // register value of timer0 and timer1, caculated from 
             -InitTimer()
  17          
  18          //extern tWord timer0_count;        
  19          
  20          /*-----------------------------------------------------------------
  21             InitT0()
  22             初始化T0，在初始化了串口之后
  23          -----------------------------------------------------------------*/
  24          void InitT0(const tByte Tick_ms_T0)
  25             {
  26   1         tLong Inc_T0;
  27   1         tWord timer0_16;
  28   1         tByte i;
  29   1        
  30   1         for (i = 0; i < hSCH_MAX_TASKS; i++) 
  31   1            {
  32   2            hSCH_Delete_Task(i);
  33   2            }
  34   1         
  35   1         //计算Timer0的寄存器值
  36   1         Inc_T0 = (tLong)Tick_ms_T0 * (OSC_FREQ/1000) / (tLong)OSC_PER_INST;
  37   1         timer0_16 = (tWord) (65536UL - Inc_T0);
  38   1         timer0_8H = (tByte) (timer0_16 / 256);
  39   1         timer0_8L = (tByte) (timer0_16 % 256);
  40   1         
  41   1         TMOD &= 0xF0;  // Clear all T0 bits (T1 left unchanged)
  42   1         TMOD |= 0x01;  // Set required T0 bits (T1 left unchanged) 
  43   1         
  44   1         hSCH_Manual_Timer0_Reload();
  45   1         // Interrupt Timer 0 enabled
  46   1         ET0  = 1;
  47   1         }
  48          
  49          /*------------------------------------------------------------------*-
  50          
  51            hSCH_Start()
  52          
  53            Starts the scheduler, by enabling interrupts.
C51 COMPILER V9.54   TIMER                                                                 07/30/2015 15:49:33 PAGE 2   

  54          
  55            NOTE: Usually called after all regular tasks are added,
  56            to keep the tasks synchronised.
  57          
  58            NOTE: ONLY THE SCHEDULER INTERRUPT SHOULD BE ENABLED!!! 
  59           
  60          -*------------------------------------------------------------------*/
  61          void hSCH_Start(void) 
  62             {
  63   1         EA = 1;
  64   1         }
  65          
  66          /*---------------------------------------------------------------------
  67             sEos_Go_To_Sleep()
  68             将MCU进入休眠状态
  69          ----------------------------------------------------------------------*/
  70          void sEOS_Go_To_Sleep(void)
  71             {
  72   1         PCON |= 0x01;    // Enter idle mode (generic 8051 version)
  73   1         }
  74          
  75          /*------------------------------------------------------------------*-
  76          
  77            hSCH_Manual_Timer0_Reload()
  78          
  79            This scheduler uses a (manually reloaded) 16-bit timer.
  80            The manual reload means that all timings are approximate. 
  81            THIS SCHEDULER IS NOT SUITABLE FOR APPLICATIONS WHERE
  82            ACCURATE TIMING IS REQUIRED!!!
  83            Timer reload is carried out in this function. 
  84           
  85          -*------------------------------------------------------------------*/
  86          void hSCH_Manual_Timer0_Reload()
  87             {
  88   1         // Stop Timer 0
  89   1         TR0 = 0;
  90   1      
  91   1         // 8051, 12 MHz
  92   1         // The Timer 0 resolution is 1.000 祍
  93   1         // We set the timer at 64336 to generate interrupt after 1 ms
  94   1         // -> we are generating timer ticks at ~1 ms intervals
  95   1         TL0  = timer0_8L;
  96   1         TH0  = timer0_8H; 
  97   1      
  98   1         //  Start Timer 0
  99   1         TR0  = 1;
 100   1         }  
 101          
 102          /*------------------------------------------------------------------*-
 103          
 104            SCH_Update
 105          
 106            This is the scheduler ISR.  It is called at a rate 
 107            determined by the timer settings in SCH_Init_T0().
 108            This version is triggered by Timer 0 interrupts.
 109           
 110          -*------------------------------------------------------------------*/
 111          void SCH_Update(void) interrupt interrupt_timer_0_overflow 
 112             {
 113   1         tByte Index;
 114   1      
 115   1         // Reload the timer
C51 COMPILER V9.54   TIMER                                                                 07/30/2015 15:49:33 PAGE 3   

 116   1         hSCH_Manual_Timer0_Reload();
 117   1      
 118   1         // NOTE: calculations are in *TICKS* (not milliseconds)
 119   1         for (Index = 0; Index < hSCH_MAX_TASKS; Index++)
 120   1            {
 121   2            // Check if there is a task at this location
 122   2            if (hSCH_tasks_G[Index].pTask)
 123   2               {
 124   3               if (hSCH_tasks_G[Index].Delay == 0)
 125   3                  {
 126   4                  // The task is due to run
 127   4                  hSCH_tasks_G[Index].RunMe += 1;  // Inc. the 'Run Me' flag
 128   4      
 129   4                  if (hSCH_tasks_G[Index].Period)
 130   4                     {
 131   5                     // Schedule periodic tasks to run again
 132   5                     hSCH_tasks_G[Index].Delay = hSCH_tasks_G[Index].Period;
 133   5                     }
 134   4                  }
 135   3               else
 136   3                  {
 137   4                  // Not yet ready to run: just decrement the delay 
 138   4                  hSCH_tasks_G[Index].Delay -= 1;
 139   4                  }
 140   3               }         
 141   2            }
 142   1         } 
 143          
 144          /*---------------------------------------------------
 145             end of file
 146          ----------------------------------------------------*/


MODULE INFORMATION:   STATIC OVERLAYABLE
   CODE SIZE        =    241    ----
   CONSTANT SIZE    =   ----    ----
   XDATA SIZE       =      4       2
   PDATA SIZE       =   ----    ----
   DATA SIZE        =   ----    ----
   IDATA SIZE       =   ----    ----
   BIT SIZE         =   ----    ----
END OF MODULE INFORMATION.


C51 COMPILATION COMPLETE.  0 WARNING(S),  0 ERROR(S)
